Microchip MPLAB XC8 Compiler V2.36

Linker command line:

-W-3 --edf=D:\Microchip\xc8\v2.36\pic\dat\en_msgs.txt -cn \
  -h+dist/default/production\Timer29s_test1_F2480.X.production.sym \
  --cmf=dist/default/production\Timer29s_test1_F2480.X.production.cmf -z \
  -Q18F2480 -oC:\Users\VOBIS\AppData\Local\Temp\xcAsduc.4 \
  --defsym=__MPLAB_BUILD=1 \
  -Mdist/default/production/Timer29s_test1_F2480.X.production.map \
  --md=C:\Users\VOBIS\AppData\Local\Temp\xcAsduc.dat -E1 -ver=XC8 Compiler \
  --acfsm=1493 -ACODE=00h-03FFFh -ACONST=00h-03FFFh \
  -ASMALLCONST=0300h-03FFhx61 -AMEDIUMCONST=0300h-03FFFh -ACOMRAM=01h-05Fh \
  -AABS1=00h-02FFh -ABIGRAM=01h-02FFh -ARAM=060h-0FFh,0100h-01FFhx2 \
  -ABANK0=060h-0FFh -ABANK1=0100h-01FFh -ABANK2=0200h-02FFh \
  -ASFR=0D00h-0DFFhx2,0F00h-0F5Fh,0F60h-0FFFh -ABIGSFR=0D00h-0FFFh \
  -ACONFIG=0300000h-030000Dh -AIDLOC=0200000h-0200007h \
  -AEEDATA=0F00000h-0F000FFh -peeprom_data=EEDATA \
  -preset_vec=00h,intcode=08h,intcodelo,powerup,init -pramtop=0300h \
  -psmallconst=SMALLCONST -pmediumconst=MEDIUMCONST -pconst=CONST \
  -AFARRAM=00h-00h \
  -prdata=COMRAM,nvrram=COMRAM,nvbit=COMRAM,rbss=COMRAM,rbit=COMRAM \
  -pfarbss=FARRAM,fardata=FARRAM,nvFARRAM=FARRAM \
  -pintsave_regs=BIGRAM,bigbss=BIGRAM,bigdata=BIGRAM -pbss=RAM \
  -pidata=CODE,irdata=CODE,ibigdata=CODE,ifardata=CODE -prparam=COMRAM \
  C:\Users\VOBIS\AppData\Local\Temp\xcAsduc.o \
  dist/default/production\Timer29s_test1_F2480.X.production.o 

Object code version is 3.11

Machine type is 18F2480



                Name                               Link     Load   Length Selector   Space Scale
C:\Users\VOBIS\AppData\Local\Temp\xcAsduc.o
                idloc                            200000   200000        8        0       5
                config                           300000   300000        E        0       4
                init                                  E        E        4        4       0
                reset_vec                             0        0        4        0       0
dist/default/production\Timer29s_test1_F2480.X.production.o
                intcode                               8        8        6        4       0
                idloc                            200000   200000        8        0       5
                config                           300000   300000        E        0       4
                temp                                 55       55        1        1       1
                smallconst                          300      300       22      180       0
                text35                             1650     1650       2C      191       0
                text34                             179C     179C        6      191       0
                text33                             1796     1796        6      191       0
                text32                             1790     1790        6      191       0
                text31                             178A     178A        6      191       0
                text30                             16A2     16A2       26      191       0
                text29                             1784     1784        6      191       0
                text28                             177E     177E        6      191       0
                intcode_body                        B24      B24      1FE      191       0
                text26                             1778     1778        6      191       0
                text25                             1772     1772        6      191       0
                text24                             1622     1622       2E      191       0
                text23                             16C8     16C8       22      191       0
                text22                             15F4     15F4       2E      191       0
                text21                             170A     170A       1A      191       0
                text20                             1752     1752       12      191       0
                text19                             1724     1724       18      191       0
                text18                             1764     1764        E      191       0
                text17                             1300     1300       A4      191       0
                text16                             142E     142E       60      191       0
                text15                             1580     1580       3C      191       0
                text14                             1542     1542       3E      191       0
                text13                              FDE      FDE       F6      191       0
                text12                             13A4     13A4       8A      191       0
                text11                             15BC     15BC       38      191       0
                text10                             148E     148E       5E      191       0
                text9                              16EA     16EA       20      191       0
                text8                              173C     173C       16      191       0
                text7                               322      322      42A      191       0
                text6                               ED6      ED6      108      191       0
                text5                              167C     167C       26      191       0
                text4                               D22      D22      1B4      191       0
                text3                              10D4     10D4       C4      191       0
                text2                              1250     1250       B0      191       0
                text1                              1198     1198       B8      191       0
                text0                               74C      74C      3D8      191       0
                cstackCOMRAM                          1        1       38        1       1
                cstackBANK0                          D8       D8        A       60       1
                dataBANK0                            E2       E2        2       60       1
                bssBANK0                             60       60       78       60       1
                dataCOMRAM                           53       53        2        1       1
                bssCOMRAM                            39       39       1A        1       1
                cinit                              14EC     14EC       56      191       0
                idataBANK0                         17A4     17A4        2      191       0
                idataCOMRAM                        17A2     17A2        2      191       0

TOTAL           Name                               Link     Load   Length     Space
        CLASS   CODE           
                intcode                               8        8        6         0
                init                                  E        E        4         0
                reset_vec                             0        0        4         0
                text35                             1650     1650       2C         0
                text34                             179C     179C        6         0
                text33                             1796     1796        6         0
                text32                             1790     1790        6         0
                text31                             178A     178A        6         0
                text30                             16A2     16A2       26         0
                text29                             1784     1784        6         0
                text28                             177E     177E        6         0
                intcode_body                        B24      B24      1FE         0
                text26                             1778     1778        6         0
                text25                             1772     1772        6         0
                text24                             1622     1622       2E         0
                text23                             16C8     16C8       22         0
                text22                             15F4     15F4       2E         0
                text21                             170A     170A       1A         0
                text20                             1752     1752       12         0
                text19                             1724     1724       18         0
                text18                             1764     1764        E         0
                text17                             1300     1300       A4         0
                text16                             142E     142E       60         0
                text15                             1580     1580       3C         0
                text14                             1542     1542       3E         0
                text13                              FDE      FDE       F6         0
                text12                             13A4     13A4       8A         0
                text11                             15BC     15BC       38         0
                text10                             148E     148E       5E         0
                text9                              16EA     16EA       20         0
                text8                              173C     173C       16         0
                text7                               322      322      42A         0
                text6                               ED6      ED6      108         0
                text5                              167C     167C       26         0
                text4                               D22      D22      1B4         0
                text3                              10D4     10D4       C4         0
                text2                              1250     1250       B0         0
                text1                              1198     1198       B8         0
                text0                               74C      74C      3D8         0
                cinit                              14EC     14EC       56         0
                idataBANK0                         17A4     17A4        2         0
                idataCOMRAM                        17A2     17A2        2         0

        CLASS   CONST          

        CLASS   SMALLCONST     
                smallconst                          300      300       22         0

        CLASS   MEDIUMCONST    

        CLASS   COMRAM         
                temp                                 55       55        1         1
                cstackCOMRAM                          1        1       38         1
                dataCOMRAM                           53       53        2         1
                bssCOMRAM                            39       39       1A         1

        CLASS   ABS1           

        CLASS   BIGRAM         

        CLASS   RAM            

        CLASS   BANK0          
                cstackBANK0                          D8       D8        A         1
                dataBANK0                            E2       E2        2         1
                bssBANK0                             60       60       78         1

        CLASS   BANK1          

        CLASS   BANK2          

        CLASS   SFR            

        CLASS   BIGSFR         

        CLASS   CONFIG         
                config                           300000   300000        E         4

        CLASS   IDLOC          
                idloc                            200000   200000        8         5

        CLASS   EEDATA         

        CLASS   FARRAM         

        CLASS   HEAP           

        CLASS   STACK          



SEGMENTS        Name                           Load    Length   Top    Selector   Space  Class

                reset_vec                      000000  000004  000004         0       0  CODE    
                cstackCOMRAM                   000001  000055  000056         1       1  COMRAM  
                intcode                        000008  00000A  000012         4       0  CODE    
                bssBANK0                       000060  000084  0000E4        60       1  BANK0   
                smallconst                     000300  000022  000322       180       0  SMALLCON
                text7                          000322  001484  0017A6       191       0  CODE    


UNUSED ADDRESS RANGES

        Name                Unused          Largest block    Delta
        BANK0            0000E4-0000FF               1C
        BANK1            000100-0001FF              100
        BANK2            000200-0002FF              100
        BIGRAM           000056-00005F                A
                         0000E4-0002FF              21C
        BIGSFR           000D00-000FFF              300
        CODE             000004-000007                4
                         000012-0002FF              2EE
                         0017A6-003FFF             285A
        COMRAM           000056-00005F                A
        CONST            000004-000007                4
                         000012-0002FF              2EE
                         0017A6-003FFF             285A
        EEDATA           F00000-F000FF              100
        MEDIUMCONST      0017A6-003FFF             285A
        RAM              0000E4-0002FF              100
        SFR              000D00-000FFF              100
        SMALLCONST       0017A6-003FFF              100

                                  Symbol Table

?___awdiv                     cstackCOMRAM 00000A
?___awmod                     cstackCOMRAM 00000A
?___flmul                     cstackCOMRAM 000018
?___fltol                     cstackCOMRAM 000031
?___lldiv                     cstackCOMRAM 00000A
?___wmul                      cstackCOMRAM 00000A
?___xxtofl                    cstackCOMRAM 00000A
?_itoa                        cstackCOMRAM 000012
EEPROM_Read@address           cstackCOMRAM 00000A
EEPROM_Write@address          cstackCOMRAM 000001
EEPROM_Write@data             cstackCOMRAM 000003
I2C_Master_Init@c             cstackCOMRAM 000017
I2C_Start@slave_write_address cstackCOMRAM 00000B
I2C_Write@data                cstackCOMRAM 00000A
I2C_WriteInt@addr             cstackCOMRAM 00000F
I2C_WriteInt@reg              cstackCOMRAM 00000C
I2C_WriteInt@value            cstackCOMRAM 00000D
LCD_Begin@_i2c_addr           cstackCOMRAM 000014
LCD_Cmd@Command               cstackCOMRAM 000010
LCD_Goto@col                  cstackCOMRAM 000014
LCD_Goto@row                  cstackCOMRAM 000016
LCD_Out@LCD_Char              cstackCOMRAM 000011
LCD_WriteText@text            cstackCOMRAM 000018
LCD_Write_Nibble@n            cstackCOMRAM 00000E
PCF8574_WRITE@value           cstackCOMRAM 00000C
RDA_WRITE@reg                 cstackCOMRAM 000012
RDA_WRITE@value               cstackCOMRAM 000010
_ADCON1bits                   (abs)        000FC1
_BRGCON1                      (abs)        000F70
_BRGCON2                      (abs)        000F71
_BRGCON3                      (abs)        000F72
_BUZZER_OFF                   text26       001778
_BUZZER_ON                    text25       001772
_Backlight                    text19       001724
_CANCON                       (abs)        000F6F
_CANSTATbits                  (abs)        000F6E
_ECANCON                      (abs)        000F77
_EEADR                        (abs)        000FA9
_EECON1bits                   (abs)        000FA6
_EECON2                       (abs)        000FA7
_EEDATA                       (abs)        000FA8
_EEPROM_Read                  text18       001764
_EEPROM_Write                 text35       001650
_I2C_Master_Init              text16       00142E
_I2C_Ready                    text24       001622
_I2C_Start                    text22       0015F4
_I2C_Stop                     text21       00170A
_I2C_Write                    text23       0016C8
_I2C_WriteInt                 text9        0016EA
_INTCON2bits                  (abs)        000FF1
_INTCONbits                   (abs)        000FF2
_LATAbits                     (abs)        000F89
_LATCbits                     (abs)        000F8B
_LCD_Begin                    text13       000FDE
_LCD_Cmd                      text14       001542
_LCD_Goto                     text12       0013A4
_LCD_Out                      text11       0015BC
_LCD_WriteText                text10       00148E
_LCD_Write_Nibble             text15       001580
_LED_G_OFF                    text34       00179C
_LED_G_ON                     text33       001796
_LED_R_OFF                    text32       001790
_LED_R_ON                     text31       00178A
_OSCCON                       (abs)        000FD3
_PCF8574_WRITE                text20       001752
_PIE1bits                     (abs)        000F9D
_PIR1bits                     (abs)        000F9E
_PIR2bits                     (abs)        000FA1
_PORTB                        (abs)        000F81
_RB3                          (abs)        007C0B
_RCSTAbits                    (abs)        000FAB
_RDA_WRITE                    text8        00173C
_RS                           bssBANK0     0000C4
_RXB0CON                      (abs)        000F60
_RXB1CON                      (abs)        000F50
_RXF0EIDH                     (abs)        000F02
_RXF0EIDL                     (abs)        000F03
_RXF0SIDH                     (abs)        000F00
_RXF0SIDL                     (abs)        000F01
_RXF2EIDH                     (abs)        000F0A
_RXF2EIDL                     (abs)        000F0B
_RXF2SIDH                     (abs)        000F08
_RXF2SIDL                     (abs)        000F09
_RXFCON0                      (abs)        000DD4
_RXFCON1                      (abs)        000DD5
_RXM0EIDH                     (abs)        000F1A
_RXM0EIDL                     (abs)        000F1B
_RXM0SIDH                     (abs)        000F18
_RXM0SIDL                     (abs)        000F19
_RXM1EIDH                     (abs)        000F1E
_RXM1EIDL                     (abs)        000F1F
_RXM1SIDH                     (abs)        000F1C
_RXM1SIDL                     (abs)        000F1D
_SPBRG                        (abs)        000FAF
_SSPADD                       (abs)        000FC8
_SSPBUF                       (abs)        000FC9
_SSPCON1                      (abs)        000FC6
_SSPCON2                      (abs)        000FC5
_SSPCON2bits                  (abs)        000FC5
_SSPSTAT                      (abs)        000FC7
_SSPSTATbits                  (abs)        000FC7
_T0CON                        (abs)        000FD5
_TMR0H                        (abs)        000FD7
_TMR0L                        (abs)        000FD6
_TMR1H                        (abs)        000FCF
_TMR1L                        (abs)        000FCE
_TRISAbits                    (abs)        000F92
_TRISBbits                    (abs)        000F93
_TRISCbits                    (abs)        000F94
_TXB0CONbits                  (abs)        000F40
_TXB0D0                       (abs)        000F46
_TXB0D1                       (abs)        000F47
_TXB0D2                       (abs)        000F48
_TXB0D3                       (abs)        000F49
_TXB0D4                       (abs)        000F4A
_TXB0D5                       (abs)        000F4B
_TXB0D6                       (abs)        000F4C
_TXB0D7                       (abs)        000F4D
_TXB0DLC                      (abs)        000F45
_TXB0EIDH                     (abs)        000F43
_TXB0EIDL                     (abs)        000F44
_TXB0SIDH                     (abs)        000F41
_TXB0SIDL                     (abs)        000F42
_TXREG                        (abs)        000FAD
_TXSTAbits                    (abs)        000FAC
__HRAM                        (abs)        000000
__Habs1                       abs1         000000
__Hbank0                      bank0        000000
__Hbank1                      bank1        000000
__Hbank2                      bank2        000000
__Hbigbss                     bigbss       000000
__Hbigdata                    bigdata      000000
__Hbigram                     bigram       000000
__Hbigsfr                     bigsfr       000000
__Hbss                        bss          000000
__HbssBANK0                   bssBANK0     000000
__HbssCOMRAM                  bssCOMRAM    000000
__Hcinit                      cinit        000000
__Hclrtext                    clrtext      000000
__Hcomram                     comram       000000
__Hconfig                     config       30000E
__Hconst                      const        000000
__HcstackBANK0                cstackBANK0  000000
__HcstackCOMRAM               cstackCOMRAM 000000
__Hdata                       data         000000
__HdataBANK0                  dataBANK0    000000
__HdataCOMRAM                 dataCOMRAM   000000
__Heeprom_data                eeprom_data  000000
__Hfarbss                     farbss       000000
__Hfardata                    fardata      000000
__Hheap                       heap         000000
__Hibigdata                   ibigdata     000000
__Hidata                      idata        000000
__HidataBANK0                 idataBANK0   000000
__HidataCOMRAM                idataCOMRAM  000000
__Hidloc                      idloc        200008
__Hifardata                   ifardata     000000
__Hinit                       init         000012
__Hintcode                    intcode      00000E
__Hintcode_body               intcode_body 000000
__Hintcodelo                  intcodelo    00000E
__Hintentry                   intentry     000000
__Hintret                     intret       000000
__Hintsave_regs               intsave_regs 000000
__Hirdata                     irdata       000000
__Hmediumconst                mediumconst  000000
__HnvFARRAM                   nvFARRAM     000000
__Hnvbit                      nvbit        000000
__Hnvrram                     nvrram       000000
__Hparam                      rparam       000000
__Hpowerup                    powerup      00000E
__Hram                        ram          000000
__Hramtop                     ramtop       000300
__Hrbit                       rbit         000000
__Hrbss                       rbss         000000
__Hrdata                      rdata        000000
__Hreset_vec                  reset_vec    000004
__Hrparam                     rparam       000000
__Hsfr                        sfr          000000
__Hsmallconst                 smallconst   000322
__Hspace_0                    (abs)        0017A6
__Hspace_1                    (abs)        0000E4
__Hspace_2                    (abs)        000000
__Hspace_4                    (abs)        60000E
__Hstack                      stack        000000
__Hstruct                     struct       000000
__Htemp                       temp         000056
__Htext                       text         000000
__Htext0                      text0        000000
__Htext1                      text1        000000
__Htext10                     text10       000000
__Htext11                     text11       000000
__Htext12                     text12       000000
__Htext13                     text13       000000
__Htext14                     text14       000000
__Htext15                     text15       000000
__Htext16                     text16       000000
__Htext17                     text17       000000
__Htext18                     text18       000000
__Htext19                     text19       000000
__Htext2                      text2        000000
__Htext20                     text20       000000
__Htext21                     text21       000000
__Htext22                     text22       000000
__Htext23                     text23       000000
__Htext24                     text24       000000
__Htext25                     text25       000000
__Htext26                     text26       000000
__Htext28                     text28       000000
__Htext29                     text29       000000
__Htext3                      text3        000000
__Htext30                     text30       000000
__Htext31                     text31       000000
__Htext32                     text32       000000
__Htext33                     text33       000000
__Htext34                     text34       000000
__Htext35                     text35       000000
__Htext4                      text4        000000
__Htext5                      text5        000000
__Htext6                      text6        000000
__Htext7                      text7        000000
__Htext8                      text8        000000
__Htext9                      text9        000000
__LRAM                        (abs)        000001
__Labs1                       abs1         000000
__Lbank0                      bank0        000000
__Lbank1                      bank1        000000
__Lbank2                      bank2        000000
__Lbigbss                     bigbss       000000
__Lbigdata                    bigdata      000000
__Lbigram                     bigram       000000
__Lbigsfr                     bigsfr       000000
__Lbss                        bss          000000
__LbssBANK0                   bssBANK0     000000
__LbssCOMRAM                  bssCOMRAM    000000
__Lcinit                      cinit        000000
__Lclrtext                    clrtext      000000
__Lcomram                     comram       000000
__Lconfig                     config       000000
__Lconst                      const        000000
__LcstackBANK0                cstackBANK0  000000
__LcstackCOMRAM               cstackCOMRAM 000000
__Ldata                       data         000000
__LdataBANK0                  dataBANK0    000000
__LdataCOMRAM                 dataCOMRAM   000000
__Leeprom_data                eeprom_data  000000
__Lfarbss                     farbss       000000
__Lfardata                    fardata      000000
__Lheap                       heap         000000
__Libigdata                   ibigdata     000000
__Lidata                      idata        000000
__LidataBANK0                 idataBANK0   000000
__LidataCOMRAM                idataCOMRAM  000000
__Lidloc                      idloc        000000
__Lifardata                   ifardata     000000
__Linit                       init         00000E
__Lintcode                    intcode      000008
__Lintcode_body               intcode_body 000000
__Lintcodelo                  intcodelo    00000E
__Lintentry                   intentry     000000
__Lintret                     intret       000000
__Lintsave_regs               intsave_regs 000000
__Lirdata                     irdata       000000
__Lmediumconst                mediumconst  000000
__LnvFARRAM                   nvFARRAM     000000
__Lnvbit                      nvbit        000000
__Lnvrram                     nvrram       000000
__Lparam                      rparam       000000
__Lpowerup                    powerup      00000E
__Lram                        ram          000000
__Lramtop                     ramtop       000300
__Lrbit                       rbit         000000
__Lrbss                       rbss         000000
__Lrdata                      rdata        000000
__Lreset_vec                  reset_vec    000000
__Lrparam                     rparam       000000
__Lsfr                        sfr          000000
__Lsmallconst                 smallconst   000300
__Lspace_0                    (abs)        000000
__Lspace_1                    (abs)        000000
__Lspace_2                    (abs)        000000
__Lspace_4                    (abs)        000000
__Lstack                      stack        000000
__Lstruct                     struct       000000
__Ltemp                       temp         000055
__Ltext                       text         000000
__Ltext0                      text0        000000
__Ltext1                      text1        000000
__Ltext10                     text10       000000
__Ltext11                     text11       000000
__Ltext12                     text12       000000
__Ltext13                     text13       000000
__Ltext14                     text14       000000
__Ltext15                     text15       000000
__Ltext16                     text16       000000
__Ltext17                     text17       000000
__Ltext18                     text18       000000
__Ltext19                     text19       000000
__Ltext2                      text2        000000
__Ltext20                     text20       000000
__Ltext21                     text21       000000
__Ltext22                     text22       000000
__Ltext23                     text23       000000
__Ltext24                     text24       000000
__Ltext25                     text25       000000
__Ltext26                     text26       000000
__Ltext28                     text28       000000
__Ltext29                     text29       000000
__Ltext3                      text3        000000
__Ltext30                     text30       000000
__Ltext31                     text31       000000
__Ltext32                     text32       000000
__Ltext33                     text33       000000
__Ltext34                     text34       000000
__Ltext35                     text35       000000
__Ltext4                      text4        000000
__Ltext5                      text5        000000
__Ltext6                      text6        000000
__Ltext7                      text7        000000
__Ltext8                      text8        000000
__Ltext9                      text9        000000
__S0                          (abs)        0017A6
__S1                          (abs)        0000E4
__S4                          (abs)        000000
__S5                          (abs)        000000
___awdiv                      text3        0010D4
___awdiv@counter              cstackCOMRAM 00000E
___awdiv@dividend             cstackCOMRAM 00000A
___awdiv@divisor              cstackCOMRAM 00000C
___awdiv@quotient             cstackCOMRAM 000010
___awdiv@sign                 cstackCOMRAM 00000F
___awmod                      text2        001250
___awmod@counter              cstackCOMRAM 00000E
___awmod@dividend             cstackCOMRAM 00000A
___awmod@divisor              cstackCOMRAM 00000C
___awmod@sign                 cstackCOMRAM 00000F
___flmul                      text7        000322
___flmul@a                    cstackCOMRAM 00001C
___flmul@aexp                 cstackCOMRAM 000025
___flmul@b                    cstackCOMRAM 000018
___flmul@bexp                 cstackCOMRAM 00002A
___flmul@grs                  cstackCOMRAM 000026
___flmul@prod                 cstackCOMRAM 00002B
___flmul@sign                 cstackCOMRAM 000024
___flmul@temp                 cstackCOMRAM 00002F
___fltol                      text6        000ED6
___fltol@exp1                 cstackBANK0  0000D9
___fltol@f1                   cstackCOMRAM 000031
___fltol@sign1                cstackBANK0  0000D8
___heap_hi                    (abs)        000000
___heap_lo                    (abs)        000000
___inthi_sp                   stack        000000
___intlo_sp                   stack        000000
___lldiv                      text17       001300
___lldiv@counter              cstackCOMRAM 000016
___lldiv@dividend             cstackCOMRAM 00000A
___lldiv@divisor              cstackCOMRAM 00000E
___lldiv@quotient             cstackCOMRAM 000012
___param_bank                 (abs)        000000
___rparam_used                (abs)        000001
___sp                         stack        000000
___wmul                       text5        00167C
___wmul@multiplicand          cstackCOMRAM 00000C
___wmul@multiplier            cstackCOMRAM 00000A
___wmul@product               cstackCOMRAM 00000E
___xxtofl                     text4        000D22
___xxtofl@arg                 cstackCOMRAM 000014
___xxtofl@exp                 cstackCOMRAM 000013
___xxtofl@sign                cstackCOMRAM 000012
___xxtofl@val                 cstackCOMRAM 00000A
__accesstop                   (abs)        000060
__activetblptr                (abs)        000002
__end_of_BUZZER_OFF           text26       00177E
__end_of_BUZZER_ON            text25       001778
__end_of_Backlight            text19       00173C
__end_of_EEPROM_Read          text18       001772
__end_of_EEPROM_Write         text35       00167C
__end_of_I2C_Master_Init      text16       00148E
__end_of_I2C_Ready            text24       001650
__end_of_I2C_Start            text22       001622
__end_of_I2C_Stop             text21       001724
__end_of_I2C_Write            text23       0016EA
__end_of_I2C_WriteInt         text9        00170A
__end_of_LCD_Begin            text13       0010D4
__end_of_LCD_Cmd              text14       001580
__end_of_LCD_Goto             text12       00142E
__end_of_LCD_Out              text11       0015F4
__end_of_LCD_WriteText        text10       0014EC
__end_of_LCD_Write_Nibble     text15       0015BC
__end_of_LED_G_OFF            text34       0017A2
__end_of_LED_G_ON             text33       00179C
__end_of_LED_R_OFF            text32       001796
__end_of_LED_R_ON             text31       001790
__end_of_PCF8574_WRITE        text20       001764
__end_of_RDA_WRITE            text8        001752
__end_of___awdiv              text3        001198
__end_of___awmod              text2        001300
__end_of___flmul              text7        00074C
__end_of___fltol              text6        000FDE
__end_of___lldiv              text17       0013A4
__end_of___wmul               text5        0016A2
__end_of___xxtofl             text4        000ED6
__end_of__initialization      cinit        001534
__end_of_g2b                  text30       0016C8
__end_of_itoa                 text1        001250
__end_of_main                 text0        000B24
__end_of_przerwanie           intcode_body 000D22
__end_ofi2_BUZZER_OFF         text29       00178A
__end_ofi2_BUZZER_ON          text28       001784
__initialization              cinit        0014EC
__mediumconst                 mediumconst  000000
__pbssBANK0                   bssBANK0     000060
__pbssCOMRAM                  bssCOMRAM    000039
__pcinit                      cinit        0014EC
__pcstackBANK0                cstackBANK0  0000D8
__pcstackCOMRAM               cstackCOMRAM 000001
__pdataBANK0                  dataBANK0    0000E2
__pdataCOMRAM                 dataCOMRAM   000053
__pidataBANK0                 idataBANK0   0017A4
__pidataCOMRAM                idataCOMRAM  0017A2
__pintcode                    intcode      000008
__pintcode_body               intcode_body 000B24
__psmallconst                 smallconst   000300
__ptext0                      text0        00074C
__ptext1                      text1        001198
__ptext10                     text10       00148E
__ptext11                     text11       0015BC
__ptext12                     text12       0013A4
__ptext13                     text13       000FDE
__ptext14                     text14       001542
__ptext15                     text15       001580
__ptext16                     text16       00142E
__ptext17                     text17       001300
__ptext18                     text18       001764
__ptext19                     text19       001724
__ptext2                      text2        001250
__ptext20                     text20       001752
__ptext21                     text21       00170A
__ptext22                     text22       0015F4
__ptext23                     text23       0016C8
__ptext24                     text24       001622
__ptext25                     text25       001772
__ptext26                     text26       001778
__ptext28                     text28       00177E
__ptext29                     text29       001784
__ptext3                      text3        0010D4
__ptext30                     text30       0016A2
__ptext31                     text31       00178A
__ptext32                     text32       001790
__ptext33                     text33       001796
__ptext34                     text34       00179C
__ptext35                     text35       001650
__ptext4                      text4        000D22
__ptext5                      text5        00167C
__ptext6                      text6        000ED6
__ptext7                      text7        000322
__ptext8                      text8        00173C
__ptext9                      text9        0016EA
__ramtop                      ramtop       000300
__smallconst                  smallconst   000300
_backlight_val                dataBANK0    0000E2
_cpm                          bssCOMRAM    00003F
_enc_cnt                      bssCOMRAM    000039
_enc_dir                      bssCOMRAM    00003B
_enc_last                     dataCOMRAM   000053
_frequency                    bssCOMRAM    000045
_frequency_2                  bssCOMRAM    000044
_frequency_3                  bssCOMRAM    000043
_g2b                          text30       0016A2
_i2c_addr                     bssBANK0     0000C8
_itoa                         text1        001198
_lcd_update                   bssCOMRAM    000046
_main                         text0        00074C
_pomiary                      bssBANK0     000060
_przerwanie                   intcode      000008
_radio                        bssBANK0     00009C
_temp_D0                      bssCOMRAM    00004D
_temp_D1                      bssCOMRAM    00004C
_temp_D2                      bssCOMRAM    00004B
_temp_D3                      bssCOMRAM    00004A
_temp_D4                      bssCOMRAM    000049
_temp_D5                      bssCOMRAM    000048
_temp_D6                      bssCOMRAM    000047
_temp_D7                      bssBANK0     0000CB
_temp_DLC                     bssCOMRAM    00004E
_temp_EIDH                    bssCOMRAM    000052
_temp_EIDL                    bssCOMRAM    000051
_temp_SIDH                    bssCOMRAM    000050
_temp_SIDL                    bssCOMRAM    00004F
_uSv1                         bssBANK0     0000C6
_uSv2                         bssCOMRAM    00003D
_znaki                        bssBANK0     0000CA
btemp                         temp         000055
end_of_initialization         cinit        001534
g2b@gray                      cstackCOMRAM 000002
g2b@temp1                     cstackCOMRAM 000003
g2b@temp2                     cstackCOMRAM 000004
g2b@temp3                     cstackCOMRAM 000001
i2_BUZZER_OFF                 text29       001784
i2_BUZZER_ON                  text28       00177E
int$flags                     temp         000055
int_func                      intcode_body 000B24
intlevel0                     text         000000
intlevel1                     text         000000
intlevel2                     text         000000
intlevel3                     text         000000
isa$std                       (abs)        000001
isa$xinst                     (abs)        000000
itoa@buffer                   bssBANK0     0000CC
itoa@c                        cstackCOMRAM 000016
itoa@original                 cstackCOMRAM 000014
itoa@value                    cstackCOMRAM 000012
main@licznik                  cstackBANK0  0000E0
main@licznik_2                cstackBANK0  0000DE
przerwanie@_1231              bssCOMRAM    000041
przerwanie@i                  cstackCOMRAM 000008
przerwanie@i2                 bssCOMRAM    000042
przerwanie@numer_pomiaru      bssBANK0     0000C2
stackhi                       (abs)        000000
stacklo                       (abs)        000000
start                         init         00000E
start_initialization          cinit        0014EC
ttemp5                        temp         000056
ttemp6                        temp         000059
ttemp7                        temp         00005D
wtemp8                        temp         000056


MODULE INFORMATION

Module		Function		Class		Link	Load	Size
D:\Microchip\xc8\v2.36\pic\sources\c99\common\Umul16.c
		___wmul        		CODE           	167C	0000	38

D:\Microchip\xc8\v2.36\pic\sources\c99\common\Umul16.c estimated size: 38

RDA5807.c
		_RDA_WRITE     		CODE           	173C	0000	22

RDA5807.c estimated size: 22

i2c.c
		_PCF8574_WRITE 		CODE           	1752	0000	18
		_I2C_Master_Init		CODE           	142E	0000	96
		_I2C_Write     		CODE           	16C8	0000	34
		_I2C_WriteInt  		CODE           	16EA	0000	32
		_I2C_Stop      		CODE           	170A	0000	26
		_I2C_Ready     		CODE           	1622	0000	46
		_I2C_Start     		CODE           	15F4	0000	46

i2c.c estimated size: 298

D:\Microchip\xc8\v2.36\pic\sources\c99\common\awmod.c
		___awmod       		CODE           	1250	0000	176

D:\Microchip\xc8\v2.36\pic\sources\c99\common\awmod.c estimated size: 176

eeprom.c
		_EEPROM_Read   		CODE           	1764	0000	14
		_EEPROM_Write  		CODE           	1650	0000	44

eeprom.c estimated size: 58

D:\Microchip\xc8\v2.36\pic\sources\c99\common\sprcmul.c
		___flmul       		CODE           	0322	0000	1066

D:\Microchip\xc8\v2.36\pic\sources\c99\common\sprcmul.c estimated size: 1066

shared
		__initialization		CODE           	14EC	0000	72
		i2_BUZZER_ON   		CODE           	177E	0000	6
		i2_BUZZER_OFF  		CODE           	1784	0000	6

shared estimated size: 84

D:\Microchip\xc8\v2.36\pic\sources\c99\common\xxtofl.c
		___xxtofl      		CODE           	0D22	0000	436

D:\Microchip\xc8\v2.36\pic\sources\c99\common\xxtofl.c estimated size: 436

D:\Microchip\xc8\v2.36\pic\sources\c99\common\awdiv.c
		___awdiv       		CODE           	10D4	0000	196

D:\Microchip\xc8\v2.36\pic\sources\c99\common\awdiv.c estimated size: 196

D:\Microchip\xc8\v2.36\pic\sources\c99\common\__lldiv.c
		___lldiv       		CODE           	1300	0000	164

D:\Microchip\xc8\v2.36\pic\sources\c99\common\__lldiv.c estimated size: 164

D:\Microchip\xc8\v2.36\pic\sources\c99\common\fltol.c
		___fltol       		CODE           	0ED6	0000	264

D:\Microchip\xc8\v2.36\pic\sources\c99\common\fltol.c estimated size: 264

main.c
		_LCD_Out       		CODE           	15BC	0000	56
		_LCD_Cmd       		CODE           	1542	0000	62
		_main          		CODE           	074C	0000	984
		_LCD_Begin     		CODE           	0FDE	0000	246
		_g2b           		CODE           	16A2	0000	38
		_LED_R_ON      		CODE           	178A	0000	6
		_LED_R_OFF     		CODE           	1790	0000	6
		_LCD_Goto      		CODE           	13A4	0000	138
		_BUZZER_ON     		CODE           	1772	0000	6
		_BUZZER_OFF    		CODE           	1778	0000	6
		_LED_G_ON      		CODE           	1796	0000	6
		_LED_G_OFF     		CODE           	179C	0000	6
		_itoa          		CODE           	1198	0000	184
		_Backlight     		CODE           	1724	0000	24
		_LCD_Write_Nibble		CODE           	1580	0000	60
		_przerwanie    		CODE           	0008	0000	516
		_LCD_WriteText 		CODE           	148E	0000	94

main.c estimated size: 2438

